// Jest Snapshot v1, https://goo.gl/fbAQLP

exports[`Pruebas al componente AddCategories debe de mostrarse correctamente 1`] = `
<form
  onSubmit={[Function]}
>
  <h2>
    AddCategories
  </h2>
  <p />
  <input
    onChange={[Function]}
    type="text"
    value=""
  />
</form>
`;
